#
# There is insufficient memory for the Java Runtime Environment to continue.
# Native memory allocation (mmap) failed to map 260046848 bytes for G1 virtual space
# Possible reasons:
#   The system is out of physical RAM or swap space
#   The process is running with CompressedOops enabled, and the Java Heap may be blocking the growth of the native heap
# Possible solutions:
#   Reduce memory load on the system
#   Increase physical memory or swap space
#   Check if swap backing store is full
#   Decrease Java heap size (-Xmx/-Xms)
#   Decrease number of Java threads
#   Decrease Java thread stack sizes (-Xss)
#   Set larger code cache with -XX:ReservedCodeCacheSize=
#   JVM is running with Zero Based Compressed Oops mode in which the Java heap is
#     placed in the first 32GB address space. The Java Heap base address is the
#     maximum limit for the native heap growth. Please use -XX:HeapBaseMinAddress
#     to set the Java Heap base and to place the Java Heap above 32GB virtual address.
# This output file may be truncated or incomplete.
#
#  Out of Memory Error (os_windows.cpp:3548), pid=16340, tid=3100
#
# JRE version:  (17.0.12+8) (build )
# Java VM: Java HotSpot(TM) 64-Bit Server VM (17.0.12+8-LTS-286, mixed mode, sharing, tiered, compressed oops, compressed class ptrs, g1 gc, windows-amd64)
# No core dump will be written. Minidumps are not enabled by default on client versions of Windows
#

---------------  S U M M A R Y ------------

Command Line: -Dfile.encoding=GBK D:\local\DevEcoStudio\sdk\default\openharmony\toolchains\lib\app_packing_tool.jar --mode hap --force true --lib-path E:\desktop\Code\harmony\RentalBooklet\entry\build\default\intermediates\stripped_native_libs\default --json-path E:\desktop\Code\harmony\RentalBooklet\entry\build\default\intermediates\package\default\module.json --resources-path E:\desktop\Code\harmony\RentalBooklet\entry\build\default\intermediates\res\default\resources --index-path E:\desktop\Code\harmony\RentalBooklet\entry\build\default\intermediates\res\default\resources.index --pack-info-path E:\desktop\Code\harmony\RentalBooklet\entry\build\default\outputs\default\pack.info --out-path E:\desktop\Code\harmony\RentalBooklet\entry\build\default\outputs\default\entry-default-unsigned.hap --ets-path E:\desktop\Code\harmony\RentalBooklet\entry\build\default\intermediates\loader_out\default\ets --pkg-context-path E:\desktop\Code\harmony\RentalBooklet\entry\build\default\intermediates\loader\default\pkgContextInfo.json

Host: AMD Ryzen 9 5900HX with Radeon Graphics        , 16 cores, 15G,  Windows 11 , 64 bit Build 26100 (10.0.26100.9444)
Time: Wed Sep 16 21:20:25 2026  Windows 11 , 64 bit Build 26100 (10.0.26100.9444) elapsed time: 0.068472 seconds (0d 0h 0m 0s)

---------------  T H R E A D  ---------------

Current thread (0x0000021fd10f95d0):  JavaThread "Unknown thread" [_thread_in_vm, id=3100, stack(0x000000ccde300000,0x000000ccde400000)]

Stack: [0x000000ccde300000,0x000000ccde400000]
Native frames: (J=compiled Java code, j=interpreted, Vv=VM code, C=native code)
V  [jvm.dll+0x67a04a]
V  [jvm.dll+0x7da4ed]
V  [jvm.dll+0x7dbe33]
V  [jvm.dll+0x7dc4a3]
V  [jvm.dll+0x24508f]
V  [jvm.dll+0x677089]
V  [jvm.dll+0x66bd32]
V  [jvm.dll+0x301fa6]
V  [jvm.dll+0x309546]
V  [jvm.dll+0x359d2e]
V  [jvm.dll+0x359f5f]
V  [jvm.dll+0x2d9078]
V  [jvm.dll+0x2d9fe4]
V  [jvm.dll+0x7aca21]
V  [jvm.dll+0x367591]
V  [jvm.dll+0x78b999]
V  [jvm.dll+0x3ec83f]
V  [jvm.dll+0x3ee471]
C  [jli.dll+0x5297]
C  [ucrtbase.dll+0x2cd30]
C  [KERNEL32.DLL+0x2cd87]
C  [ntdll.dll+0xacaec]


---------------  P R O C E S S  ---------------

Threads class SMR info:
_java_thread_list=0x00007ffbe1bd7a18, length=0, elements={
}

Java Threads: ( => current thread )

Other Threads:
  0x0000021fd1162cb0 GCTaskThread "GC Thread#0" [stack: 0x000000ccde400000,0x000000ccde500000] [id=25960]
  0x0000021fd1174600 ConcurrentGCThread "G1 Main Marker" [stack: 0x000000ccde500000,0x000000ccde600000] [id=17896]
  0x0000021fd1176e30 ConcurrentGCThread "G1 Conc#0" [stack: 0x000000ccde600000,0x000000ccde700000] [id=12688]

[error occurred during error reporting (printing all threads), id 0xc0000005, EXCEPTION_ACCESS_VIOLATION (0xc0000005) at pc=0x00007ffbe1409b67]

VM state: not at safepoint (not fully initialized)

VM Mutex/Monitor currently owned by a thread:  ([mutex/lock_event])
[0x0000021fd10f5150] Heap_lock - owner thread: 0x0000021fd10f95d0

Heap address: 0x0000000709800000, size: 3944 MB, Compressed Oops mode: Zero based, Oop shift amount: 3

CDS archive(s) mapped at: [0x0000000000000000-0x0000000000000000-0x0000000000000000), size 0, SharedBaseAddress: 0x0000000800000000, ArchiveRelocationMode: 1.
Narrow klass base: 0x0000000000000000, Narrow klass shift: 0, Narrow klass range: 0x0

GC Precious Log:
<Empty>

Heap:
 garbage-first heap   total 0K, used 0K [0x0000000709800000, 0x0000000800000000)
  region size 2048K, 0 young (0K), 0 survivors (0K)

[error occurred during error reporting (printing heap information), id 0xc0000005, EXCEPTION_ACCESS_VIOLATION (0xc0000005) at pc=0x00007ffbe17f3859]

GC Heap History (0 events):
No events

Deoptimization events (0 events):
No events

Classes unloaded (0 events):
No events

Classes redefined (0 events):
No events

Internal exceptions (0 events):
No events

VM Operations (0 events):
No events

Events (1 events):
Event: 0.034 Loaded shared library D:\Program Files (x86)\Java\jdk-17\bin\java.dll


Dynamic libraries:
0x00007ff76a5d0000 - 0x00007ff76a5e0000 	D:\Program Files (x86)\Java\jdk-17\bin\java.exe
0x00007ffcc4340000 - 0x00007ffcc45a7000 	C:\WINDOWS\SYSTEM32\ntdll.dll
0x00007ffcc33c0000 - 0x00007ffcc348b000 	C:\WINDOWS\System32\KERNEL32.DLL
0x00007ffcc1540000 - 0x00007ffcc1942000 	C:\WINDOWS\System32\KERNELBASE.dll
0x00007ffcc1e50000 - 0x00007ffcc1f9c000 	C:\WINDOWS\System32\ucrtbase.dll
0x00007ffc94fa0000 - 0x00007ffc94fbb000 	D:\Program Files (x86)\Java\jdk-17\bin\VCRUNTIME140.dll
0x00007ffc94fc0000 - 0x00007ffc94fd9000 	D:\Program Files (x86)\Java\jdk-17\bin\jli.dll
0x00007ffcc3590000 - 0x00007ffcc364c000 	C:\WINDOWS\System32\ADVAPI32.dll
0x00007ffcc36a0000 - 0x00007ffcc3749000 	C:\WINDOWS\System32\msvcrt.dll
0x00007ffcc34e0000 - 0x00007ffcc3589000 	C:\WINDOWS\System32\sechost.dll
0x00007ffcc4190000 - 0x00007ffcc42a8000 	C:\WINDOWS\System32\RPCRT4.dll
0x00007ffcc2ff0000 - 0x00007ffcc31bf000 	C:\WINDOWS\System32\USER32.dll
0x00007ffcc1a10000 - 0x00007ffcc1a37000 	C:\WINDOWS\System32\win32u.dll
0x00007ffcabf20000 - 0x00007ffcac1b0000 	C:\WINDOWS\WinSxS\amd64_microsoft.windows.common-controls_6595b64144ccf1df_6.0.26100.9278_none_3e0d1ba8e3303201\COMCTL32.dll
0x00007ffcc34a0000 - 0x00007ffcc34cb000 	C:\WINDOWS\System32\GDI32.dll
0x00007ffcc1d20000 - 0x00007ffcc1e49000 	C:\WINDOWS\System32\gdi32full.dll
0x00007ffcc1fb0000 - 0x00007ffcc2053000 	C:\WINDOWS\System32\msvcp_win.dll
0x00007ffcb9ec0000 - 0x00007ffcb9ecb000 	C:\WINDOWS\SYSTEM32\VERSION.dll
0x00007ffcc3660000 - 0x00007ffcc3691000 	C:\WINDOWS\System32\IMM32.DLL
0x00007ffcb4330000 - 0x00007ffcb433c000 	D:\Program Files (x86)\Java\jdk-17\bin\vcruntime140_1.dll
0x00007ffc94f10000 - 0x00007ffc94f9e000 	D:\Program Files (x86)\Java\jdk-17\bin\msvcp140.dll
0x00007ffbe1120000 - 0x00007ffbe1d00000 	D:\Program Files (x86)\Java\jdk-17\bin\server\jvm.dll
0x00007ffcc2f50000 - 0x00007ffcc2f58000 	C:\WINDOWS\System32\PSAPI.DLL
0x00007ffcbb980000 - 0x00007ffcbb98a000 	C:\WINDOWS\SYSTEM32\WSOCK32.dll
0x00007ffcb5f50000 - 0x00007ffcb5f86000 	C:\WINDOWS\SYSTEM32\WINMM.dll
0x00007ffcc2f60000 - 0x00007ffcc2fe0000 	C:\WINDOWS\System32\WS2_32.dll
0x00007ffcc02c0000 - 0x00007ffcc02db000 	C:\WINDOWS\SYSTEM32\kernel.appcore.dll
0x00007ffca39a0000 - 0x00007ffca39aa000 	D:\Program Files (x86)\Java\jdk-17\bin\jimage.dll
0x00007ffcbe900000 - 0x00007ffcbeb4c000 	C:\WINDOWS\SYSTEM32\DBGHELP.DLL
0x00007ffcc3d80000 - 0x00007ffcc4105000 	C:\WINDOWS\System32\combase.dll
0x00007ffcc2e70000 - 0x00007ffcc2f49000 	C:\WINDOWS\System32\OLEAUT32.dll
0x00007ffca6220000 - 0x00007ffca625b000 	C:\WINDOWS\SYSTEM32\dbgcore.DLL
0x00007ffcc1950000 - 0x00007ffcc19fc000 	C:\WINDOWS\System32\bcryptPrimitives.dll
0x00007ffc94ee0000 - 0x00007ffc94f05000 	D:\Program Files (x86)\Java\jdk-17\bin\java.dll

dbghelp: loaded successfully - version: 4.0.5 - missing functions: none
symbol engine: initialized successfully - sym options: 0x614 - pdb path: .;D:\Program Files (x86)\Java\jdk-17\bin;C:\WINDOWS\SYSTEM32;C:\WINDOWS\WinSxS\amd64_microsoft.windows.common-controls_6595b64144ccf1df_6.0.26100.9278_none_3e0d1ba8e3303201;D:\Program Files (x86)\Java\jdk-17\bin\server

VM Arguments:
jvm_args: -Dfile.encoding=GBK 
java_command: D:\local\DevEcoStudio\sdk\default\openharmony\toolchains\lib\app_packing_tool.jar --mode hap --force true --lib-path E:\desktop\Code\harmony\RentalBooklet\entry\build\default\intermediates\stripped_native_libs\default --json-path E:\desktop\Code\harmony\RentalBooklet\entry\build\default\intermediates\package\default\module.json --resources-path E:\desktop\Code\harmony\RentalBooklet\entry\build\default\intermediates\res\default\resources --index-path E:\desktop\Code\harmony\RentalBooklet\entry\build\default\intermediates\res\default\resources.index --pack-info-path E:\desktop\Code\harmony\RentalBooklet\entry\build\default\outputs\default\pack.info --out-path E:\desktop\Code\harmony\RentalBooklet\entry\build\default\outputs\default\entry-default-unsigned.hap --ets-path E:\desktop\Code\harmony\RentalBooklet\entry\build\default\intermediates\loader_out\default\ets --pkg-context-path E:\desktop\Code\harmony\RentalBooklet\entry\build\default\intermediates\loader\default\pkgContextInfo.json
java_class_path (initial): D:\local\DevEcoStudio\sdk\default\openharmony\toolchains\lib\app_packing_tool.jar
Launcher Type: SUN_STANDARD

[Global flags]
     intx CICompilerCount                          = 12                                        {product} {ergonomic}
     uint ConcGCThreads                            = 3                                         {product} {ergonomic}
     uint G1ConcRefinementThreads                  = 13                                        {product} {ergonomic}
   size_t G1HeapRegionSize                         = 2097152                                   {product} {ergonomic}
    uintx GCDrainStackTargetSize                   = 64                                        {product} {ergonomic}
   size_t InitialHeapSize                          = 260046848                                 {product} {ergonomic}
   size_t MarkStackSize                            = 4194304                                   {product} {ergonomic}
   size_t MaxHeapSize                              = 4135583744                                {product} {ergonomic}
   size_t MinHeapDeltaBytes                        = 2097152                                   {product} {ergonomic}
   size_t MinHeapSize                              = 8388608                                   {product} {ergonomic}
    uintx NonNMethodCodeHeapSize                   = 7602480                                {pd product} {ergonomic}
    uintx NonProfiledCodeHeapSize                  = 122027880                              {pd product} {ergonomic}
    uintx ProfiledCodeHeapSize                     = 122027880                              {pd product} {ergonomic}
    uintx ReservedCodeCacheSize                    = 251658240                              {pd product} {ergonomic}
     bool SegmentedCodeCache                       = true                                      {product} {ergonomic}
   size_t SoftMaxHeapSize                          = 4135583744                             {manageable} {ergonomic}
     bool UseCompressedClassPointers               = true                           {product lp64_product} {ergonomic}
     bool UseCompressedOops                        = true                           {product lp64_product} {ergonomic}
     bool UseG1GC                                  = true                                      {product} {ergonomic}
     bool UseLargePagesIndividualAllocation        = false                                  {pd product} {ergonomic}

Logging:
Log output configuration:
 #0: stdout all=warning uptime,level,tags
 #1: stderr all=off uptime,level,tags

Environment Variables:
JAVA_HOME=D:\Program Files (x86)\Java\jdk-17
CLASSPATH=D:\local\SQL\sqlserverJDBC\sqljdbc42.jar
PATH=E:\conda;E:\conda\Library\mingw-w64\bin;E:\conda\Library\usr\bin;E:\conda\Library\bin;E:\conda\Scripts;E:\conda\bin;E:\conda\condabin;D:\Program Files (x86)\Java\jdk-17\bin;C:\Program Files\Common Files\Oracle\Java\javapath;C:\Windows\system32;C:\Windows;C:\Windows\System32\Wbem;C:\Windows\System32\WindowsPowerShell\v1.0;C:\Windows\System32\OpenSSH;C:\Program Files (x86)\NVIDIA Corporation\PhysX\Common;C:\WINDOWS\system32;C:\WINDOWS;C:\WINDOWS\System32\Wbem;C:\WINDOWS\System32\WindowsPowerShell\v1.0;C:\WINDOWS\System32\OpenSSH;E:\MicrosoftVSCode\mingw64\bin;D:\Program Files (x86)\Git\cmd;C:\Program Files\Graphviz\bin;C:\Users\ASUS\Downloads\ffmpeg-2024-07-22-git-172da370e7-essentials_build\bin;D:\local\ErlangOTP\bin;c:\Users\ASUS\AppData\Local\Programs\cursor\resources\app\bin;C:\Program Files\dotnet;E:\Program Files (x86)\微信web开发者工具\dll;E:\desktop\Code\maven\apache-maven-3.9.6\bin;D:\Program Files (x86)\redis;D:\Program Files (x86)\nginx-1.10.3\nginx-1.20.2;D:\Program Files (x86)\nodejs\node-v16.20.2-win-x64;D:\local\RabbitMQ\rabbitmq_server-4.2.3\sbin;D:\Program Files (x86)\wechat_devtools\微信web开发者工具\dll;D:\Program Files (x86)\nodejs\node_global;D:\Program Files (x86)\nodejs;C:\Program Files\Microsoft SQL Server\130\Tools\Binn;D:\local\DevEcoStudio\sdk\default\openharmony\toolchains;C:\WINDOWS\system32;C:\WINDOWS;C:\WINDOWS\System32\Wbem;C:\WINDOWS\System32\WindowsPowerShell\v1.0;C:\WINDOWS\System32\OpenSSH;C:\Program Files\NVIDIA Corporation\NVIDIA App\NvDLISR;E:\conda;E:\conda\Library\mingw-w64\bin;E:\conda\Library\usr\bin;E:\conda\Library\bin;E:\conda\Scripts;D:\local\conda;D:\local\conda\Library\mingw-w64\bin;D:\local\conda\Library\usr\bin;D:\local\conda\Library\bin;D:\local\conda\Scripts;D:\local\python\Python312\Scripts;D:\local\python\Python312;C:\Users\ASUS\AppData\Local\Microsoft\WindowsApps;E:\MicrosoftVSCode\mingw64\bin;C:\Program Files\Azure Data Studio\bin;D:\local\texlive\2023\bin\windows;D:\local\idea\IntelliJ IDEA Community Edition 
USERNAME=ASUS
OS=Windows_NT
PROCESSOR_IDENTIFIER=AMD64 Family 25 Model 80 Stepping 0, AuthenticAMD



---------------  S Y S T E M  ---------------

OS:
 Windows 11 , 64 bit Build 26100 (10.0.26100.9444)
OS uptime: 0 days 3:09 hours
Hyper-V role detected

CPU: total 16 (initial active 16) (16 cores per cpu, 2 threads per core) family 25 model 80 stepping 0 microcode 0xa50000c, cx8, cmov, fxsr, ht, mmx, 3dnowpref, sse, sse2, sse3, ssse3, sse4a, sse4.1, sse4.2, popcnt, lzcnt, tsc, tscinvbit, avx, avx2, aes, erms, clmul, bmi1, bmi2, adx, sha, fma, vzeroupper, clflush, clflushopt, hv

Memory: 4k page, system-wide physical 15773M (1315M free)
TotalPageFile size 25773M (AvailPageFile size 145M)
current process WorkingSet (physical memory assigned to process): 13M, peak: 13M
current process commit charge ("private bytes"): 71M, peak: 318M

vm_info: Java HotSpot(TM) 64-Bit Server VM (17.0.12+8-LTS-286) for windows-amd64 JRE (17.0.12+8-LTS-286), built on Jun  5 2024 06:46:59 by "mach5one" with MS VC++ 17.6 (VS2022)

END.
